[gramentheme.com/html/bookle/index04b9.html]
[backblue.gif]
[fade.gif]
[index.html]
[gramentheme.com/html/bookle/assets/img/favicon.png]
[gramentheme.com/html/bookle/assets/css/bootstrap.min.css]
[gramentheme.com/html/bookle/assets/css/animate.css]
[gramentheme.com/html/bookle/assets/css/all.min.css]
[gramentheme.com/html/bookle/assets/css/magnific-popup.css]
[gramentheme.com/html/bookle/assets/css/meanmenu.css]
[gramentheme.com/html/bookle/assets/css/swiper-bundle.min.css]
[gramentheme.com/html/bookle/assets/css/nice-select.css]
[gramentheme.com/html/bookle/assets/css/icomoon.css]
[gramentheme.com/html/bookle/assets/css/main.css]
[gramentheme.com/html/bookle/index.html]
[gramentheme.com/html/bookle/assets/img/logo/black-logo.svg]
[gramentheme.com/html/bookle/contact.html]
[gramentheme.com/html/bookle/assets/img/logo/white-logo.svg]
[gramentheme.com/html/bookle/index-2.html]
[gramentheme.com/html/bookle/shop.html]
[gramentheme.com/html/bookle/shop-list.html]
[gramentheme.com/html/bookle/shop-details.html]
[gramentheme.com/html/bookle/shop-cart.html]
[gramentheme.com/html/bookle/wishlist.html]
[gramentheme.com/html/bookle/checkout.html]
[gramentheme.com/html/bookle/about.html]
[gramentheme.com/html/bookle/team.html]
[gramentheme.com/html/bookle/team-details.html]
[gramentheme.com/html/bookle/faq.html]
[gramentheme.com/html/bookle/404.html]
[gramentheme.com/html/bookle/news.html]
[gramentheme.com/html/bookle/news-grid.html]
[gramentheme.com/html/bookle/news-details.html]
[gramentheme.com/html/bookle/assets/img/icon/icon-13.svg]
[gramentheme.com/html/bookle/assets/img/google.png]
[gramentheme.com/html/bookle/assets/img/facebook.png]
[gramentheme.com/html/bookle/assets/img/signUpbg.jpg]
[gramentheme.com/html/bookle/assets/img/registrationbg.jpg]
[gramentheme.com/html/bookle/assets/img/hero/book.png]
[gramentheme.com/html/bookle/assets/img/hero/frame.png]
[gramentheme.com/html/bookle/assets/img/hero/frame-2.png]
[gramentheme.com/html/bookle/assets/img/hero/xstar.png]
[gramentheme.com/html/bookle/assets/img/hero/frame-shape.png]
[gramentheme.com/html/bookle/assets/img/hero/bg-shape.png]
[gramentheme.com/html/bookle/assets/img/hero/bg-shape2.png]
[gramentheme.com/html/bookle/assets/img/hero/hero-girl.png]
[gramentheme.com/html/bookle/shop-details]
[gramentheme.com/html/bookle/assets/img/book/01.png]
[gramentheme.com/html/bookle/assets/img/icon/shuffle.svg]
[gramentheme.com/html/bookle/assets/img/testimonial/client-1.png]
[gramentheme.com/html/bookle/assets/img/book/02.png]
[gramentheme.com/html/bookle/assets/img/testimonial/client-2.png]
[gramentheme.com/html/bookle/assets/img/book/03.png]
[gramentheme.com/html/bookle/assets/img/testimonial/client-3.png]
[gramentheme.com/html/bookle/assets/img/book/04.png]
[gramentheme.com/html/bookle/assets/img/testimonial/client-4.png]
[gramentheme.com/html/bookle/assets/img/book/05.png]
[gramentheme.com/html/bookle/assets/img/testimonial/client-5.png]
[gramentheme.com/html/bookle/assets/img/book-categori/01.png]
[gramentheme.com/html/bookle/assets/img/book-categori/circle-shape.png]
[gramentheme.com/html/bookle/assets/img/book-categori/02.png]
[gramentheme.com/html/bookle/assets/img/book-categori/03.png]
[gramentheme.com/html/bookle/assets/img/book-categori/04.png]
[gramentheme.com/html/bookle/assets/img/book-categori/05.png]
[gramentheme.com/html/bookle/assets/img/girl-shape.png]
[gramentheme.com/html/bookle/assets/img/circle-shape.png]
[gramentheme.com/html/bookle/assets/img/cta-banner.jpg]
[gramentheme.com/html/bookle/assets/img/book-shape.png]
[gramentheme.com/html/bookle/assets/img/girl-shape-2.png]
[gramentheme.com/html/bookle/assets/img/top-book/01.png]
[gramentheme.com/html/bookle/assets/img/top-book/02.png]
[gramentheme.com/html/bookle/assets/img/top-book/03.png]
[gramentheme.com/html/bookle/assets/img/top-book/04.png]
[gramentheme.com/html/bookle/assets/img/top-book/05.png]
[gramentheme.com/html/bookle/assets/img/top-book/06.png]
[gramentheme.com/html/bookle/assets/img/testimonial/01.jpg]
[gramentheme.com/html/bookle/assets/img/testimonial/logo1.png]
[gramentheme.com/html/bookle/assets/img/testimonial/02.jpg]
[gramentheme.com/html/bookle/assets/img/testimonial/logo2.png]
[gramentheme.com/html/bookle/assets/img/testimonial/03.jpg]
[gramentheme.com/html/bookle/assets/img/testimonial/04.jpg]
[gramentheme.com/html/bookle/assets/img/team/01.jpg]
[gramentheme.com/html/bookle/assets/img/team/shape-img.png]
[gramentheme.com/html/bookle/assets/img/team/02.jpg]
[gramentheme.com/html/bookle/assets/img/team/03.jpg]
[gramentheme.com/html/bookle/assets/img/team/04.jpg]
[gramentheme.com/html/bookle/assets/img/team/05.jpg]
[gramentheme.com/html/bookle/assets/img/team/06.jpg]
[gramentheme.com/html/bookle/assets/img/news/09.jpg]
[gramentheme.com/html/bookle/assets/img/news/10.jpg]
[gramentheme.com/html/bookle/assets/img/news/11.jpg]
[gramentheme.com/html/bookle/assets/img/news/12.jpg]
[gramentheme.com/html/bookle/assets/img/plane-shape.png]
[gramentheme.com/html/bookle/assets/img/visa-logo.png]
[gramentheme.com/html/bookle/assets/img/mastercard.png]
[gramentheme.com/html/bookle/assets/img/payoneer.png]
[gramentheme.com/html/bookle/assets/img/affirm.png]
[gramentheme.com/html/bookle/assets/js/jquery-3.7.1.min.js]
[gramentheme.com/html/bookle/assets/js/viewport.jquery.js]
[gramentheme.com/html/bookle/assets/js/bootstrap.bundle.min.js]
[gramentheme.com/html/bookle/assets/js/jquery.nice-select.min.js]
[gramentheme.com/html/bookle/assets/js/jquery.waypoints.js]
[gramentheme.com/html/bookle/assets/js/jquery.counterup.min.js]
[gramentheme.com/html/bookle/assets/js/swiper-bundle.min.js]
[gramentheme.com/html/bookle/assets/js/jquery.meanmenu.min.js]
[gramentheme.com/html/bookle/assets/js/jquery.magnific-popup.min.js]
[gramentheme.com/html/bookle/assets/js/wow.min.js]
[gramentheme.com/html/bookle/assets/js/gsap.min.js]
[gramentheme.com/html/bookle/index04b9.html]
[gramentheme.com/html/bookle/assets/js/main.js]
[gramentheme.com/html/bookle/assets/css/bootstrap.min.css]
[gramentheme.com/html/bookle/assets/webfonts/fa-brands-400.woff2]
[gramentheme.com/html/bookle/assets/webfonts/fa-brands-400.ttf]
[gramentheme.com/html/bookle/assets/webfonts/fa-duotone-900.woff2]
[gramentheme.com/html/bookle/assets/webfonts/fa-light-300.woff2]
[gramentheme.com/html/bookle/assets/webfonts/fa-duotone-900.ttf]
[gramentheme.com/html/bookle/assets/webfonts/fa-regular-400.woff2]
[gramentheme.com/html/bookle/assets/webfonts/fa-solid-900.woff2]
[gramentheme.com/html/bookle/assets/webfonts/fa-regular-400.ttf]
[gramentheme.com/html/bookle/assets/webfonts/fa-solid-900.ttf]
[gramentheme.com/html/bookle/assets/webfonts/fa-light-300.ttf]
[gramentheme.com/html/bookle/assets/webfonts/fa-thin-100.woff2]
[gramentheme.com/html/bookle/assets/webfonts/fa-v4compatibility.woff2]
[gramentheme.com/html/bookle/assets/webfonts/fa-thin-100.ttf]
[gramentheme.com/html/bookle/assets/css/all.min.css]
[gramentheme.com/html/bookle/assets/webfonts/fa-v4compatibility.ttf]
[gramentheme.com/html/bookle/assets/css/animate.css]
[gramentheme.com/html/bookle/assets/css/magnific-popup.css]
[gramentheme.com/html/bookle/assets/css/meanmenu.css]
[gramentheme.com/html/bookle/assets/css/swiper-bundle.min.css]
[gramentheme.com/html/bookle/assets/css/nice-select.css]
[gramentheme.com/html/bookle/assets/webfonts/icomoon525b.eot]
[gramentheme.com/html/bookle/assets/webfonts/icomoon525b.ttf]
[gramentheme.com/html/bookle/assets/webfonts/icomoon525b.woff]
[gramentheme.com/html/bookle/assets/webfonts/icomoon525b.svg]
[gramentheme.com/html/bookle/assets/css/icomoon.css]
[gramentheme.com/html/bookle/assets/img/chevron-right.svg]
[gramentheme.com/html/bookle/assets/img/chevron-down.svg]
[gramentheme.com/html/bookle/assets/img/hero/hero2-bg.png]
[gramentheme.com/html/bookle/assets/css/main.css]
[gramentheme.com/html/bookle/index.html]
[gramentheme.com/html/bookle/assets/img/logo/black-logo.svg]
[gramentheme.com/html/bookle/assets/img/hero/book1.png]
[gramentheme.com/html/bookle/assets/img/hero/book2.png]
[gramentheme.com/html/bookle/assets/img/contact.jpg]
[gramentheme.com/html/bookle/assets/js/ajax-mail.js]
[gramentheme.com/html/bookle/contact.html]
[gramentheme.com/html/bookle/assets/img/logo/white-logo.svg]
[gramentheme.com/html/bookle/assets/img/icon/icon-23.svg]
[gramentheme.com/html/bookle/assets/img/hero/hero2-shape1.png]
[gramentheme.com/html/bookle/assets/img/hero/hero2-shape2.png]
[gramentheme.com/html/bookle/assets/img/hero/hero-book.png]
[gramentheme.com/html/bookle/assets/img/banner/book-banner-1.jpg]
[gramentheme.com/html/bookle/assets/img/banner/book-1.png]
[gramentheme.com/html/bookle/assets/img/banner/book-banner-2.jpg]
[gramentheme.com/html/bookle/assets/img/banner/book-2.png]
[gramentheme.com/html/bookle/assets/img/banner/book-banner-3.jpg]
[gramentheme.com/html/bookle/assets/img/banner/book-3.png]
[gramentheme.com/html/bookle/assets/img/book/07.png]
[gramentheme.com/html/bookle/assets/img/book/11.png]
[gramentheme.com/html/bookle/assets/img/book/10.png]
[gramentheme.com/html/bookle/assets/img/book/08.png]
[gramentheme.com/html/bookle/assets/img/book/09.png]
[gramentheme.com/html/bookle/assets/img/boy-shape.png]
[gramentheme.com/html/bookle/assets/img/cta-banner2.jpg]
[gramentheme.com/html/bookle/index-2.html]
[gramentheme.com/html/bookle/shop-left-sidebar.html]
[gramentheme.com/html/bookle/assets/img/book/06.png]
[gramentheme.com/html/bookle/shop.html]
[gramentheme.com/html/bookle/assets/img/shop-list/01.png]
[gramentheme.com/html/bookle/assets/img/shop-list/02.png]
[gramentheme.com/html/bookle/assets/img/shop-list/03.png]
[gramentheme.com/html/bookle/assets/img/shop-list/04.png]
[gramentheme.com/html/bookle/shop-list.html]
[gramentheme.com/html/bookle/assets/img/shop-details/01.png]
[gramentheme.com/html/bookle/assets/img/shop-details/02.png]
[gramentheme.com/html/bookle/assets/img/shop-details/03.png]
[gramentheme.com/html/bookle/assets/img/shop-details/04.png]
[gramentheme.com/html/bookle/assets/img/shop-details/05.png]
[gramentheme.com/html/bookle/assets/img/shop-details/sm-1.png]
[gramentheme.com/html/bookle/assets/img/shop-details/sm-2.png]
[gramentheme.com/html/bookle/assets/img/shop-details/sm-3.png]
[gramentheme.com/html/bookle/assets/img/shop-details/sm-4.png]
[gramentheme.com/html/bookle/assets/img/shop-details/sm-5.png]
[gramentheme.com/html/bookle/assets/img/popupBg.png]
[gramentheme.com/html/bookle/assets/img/cutomerio.png]
[gramentheme.com/html/bookle/assets/img/amazon.png]
[gramentheme.com/html/bookle/assets/img/dropbox.png]
[gramentheme.com/html/bookle/assets/img/shop-details/review.png]
[gramentheme.com/html/bookle/shop-details.html]
[gramentheme.com/html/bookle/assets/img/icon/icon-9.svg]
[gramentheme.com/html/bookle/assets/img/shop-cart/01.png]
[gramentheme.com/html/bookle/assets/img/shop-cart/02.png]
[gramentheme.com/html/bookle/assets/img/shop-cart/03.png]
[gramentheme.com/html/bookle/shop-cart.html]
[gramentheme.com/html/bookle/wishlist.html]
[gramentheme.com/html/bookle/assets/img/PayPal.png]
[gramentheme.com/html/bookle/assets/img/GooglePay.png]
[gramentheme.com/html/bookle/assets/img/Mastercard2.png]
[gramentheme.com/html/bookle/checkout.html]
[gramentheme.com/html/bookle/assets/img/about.jpg]
[gramentheme.com/html/bookle/about.html]
[gramentheme.com/html/bookle/team.html]
[gramentheme.com/html/bookle/assets/img/team/details.png]
[gramentheme.com/html/bookle/team-details.html]
[gramentheme.com/html/bookle/faq.html]
[gramentheme.com/html/bookle/assets/img/404.png]
[gramentheme.com/html/bookle/404.html]
[gramentheme.com/html/bookle/assets/img/news/post-1.jpg]
[gramentheme.com/html/bookle/assets/img/news/post-2.jpg]
[gramentheme.com/html/bookle/assets/img/news/post-3.jpg]
[gramentheme.com/html/bookle/assets/img/news/pp3.jpg]
[gramentheme.com/html/bookle/assets/img/news/pp4.jpg]
[gramentheme.com/html/bookle/assets/img/news/pp5.jpg]
[gramentheme.com/html/bookle/news-standard.html]
[gramentheme.com/html/bookle/news.html]
[gramentheme.com/html/bookle/assets/img/news/05.jpg]
[gramentheme.com/html/bookle/assets/img/news/06.jpg]
[gramentheme.com/html/bookle/assets/img/news/07.jpg]
[gramentheme.com/html/bookle/assets/img/news/08.jpg]
[gramentheme.com/html/bookle/assets/img/news/13.jpg]
[gramentheme.com/html/bookle/assets/img/news/14.jpg]
[gramentheme.com/html/bookle/assets/img/news/15.jpg]
[gramentheme.com/html/bookle/assets/img/news/16.jpg]
[gramentheme.com/html/bookle/news-grid.html]
[gramentheme.com/html/bookle/assets/img/news/post-4.jpg]
[gramentheme.com/html/bookle/assets/img/news/post-5.jpg]
[gramentheme.com/html/bookle/assets/img/news/post-6.jpg]
[gramentheme.com/html/bookle/assets/img/news/comment.png]
[gramentheme.com/html/bookle/assets/img/news/comment-2.png]
[gramentheme.com/html/bookle/news-details.html]
[gramentheme.com/html/bookle/assets/img/icon/icon-13.svg]
[gramentheme.com/html/bookle/shop-details-2.html]
[gramentheme.com/html/bookle/assets/img/icon/shuffle.svg]
[gramentheme.com/html/bookle/assets/img/testimonial/shape.svg]
[gramentheme.com/html/bookle/assets/webfonts/icomoon525b.svg]
[gramentheme.com/html/bookle/assets/img/chevron-right.svg]
[gramentheme.com/html/bookle/assets/img/chevron-down.svg]
[gramentheme.com/html/bookle/assets/img/icon/icon-23.svg]
[gramentheme.com/html/bookle/shop-left-sidebar.html]
[gramentheme.com/html/bookle/assets/img/icon/icon-9.svg]
[gramentheme.com/html/bookle/news-standard.html]
